// Jest Snapshot v1, https://goo.gl/fbAQLP

exports[`matches snapshot 1`] = `
<DocumentFragment>
  <div
    class="Todo"
  >
    <div
      class="Todo-block"
    >
      <h3 />
    </div>
    <button
      class="Todo-cancel-btn"
    >
      X
    </button>
  </div>
</DocumentFragment>
`;
