// Jest Snapshot v1, https://goo.gl/fbAQLP

exports[`matches snapshot 1`] = `
<DocumentFragment>
  <div
    class="BoxWrapper"
  >
    <div
      class="Box"
    />
    <button
      class="BoxButton"
    >
      X
    </button>
  </div>
</DocumentFragment>
`;
